4 2 2 0 0 0 0 0 0 0 0 0 0 0 0 0 0 0 0 0 0 0 0 0 0 0
0 0 9 4 5 3 0 0 0 0 0 0 0 0 9 0 0 3 1 0 0 0 0 0 0 0
2 1 1 2 9 2 2 2 5 2 2 2 1 1 5 4 11 8 2 7 5 1 10 1 5 2
