YES
010001
100100
001010
NO
YES
11
11
YES
1100
1100
0011
0011
YES
1
1
