1
2
1
2
2
3
4
2
5
6
2
7
6
3
7
6
1
7
4
8
9
6
9
9
4
4
10
9
8
-1
