1 2 3
2 -3 4 -1
-8 -6 1 4 4 7 -2
-4 0 1 6 3
-1 4 7 -8 10 -1
