13
1 2
1 3
2 3
1 4
2 4
1 5
2 5
1 6
2 6
1 7
1 8
5 8
7 8
