1999999999
2999999999
3999999999
4999999999
5999999999
