FastestFinger
Ashishgup
Ashishgup
FastestFinger
Ashishgup
FastestFinger
Ashishgup
