0.00000000000000000000000000000000001125899906842624
