.........X.........
........XXX........
.......XXXXX.......
......XXXXXXX......
.....XXXXXXXXX.....
....XXXXXXXXXXX....
...XXX##XXXXXXXX...
..XXX####XXXXXXXX..
.XXX######XXXXX##X.
X#X########X#X####X
