1 5 2 3 4
4 2 1 5 3
5 4 3 1 2
2 3 5 4 1
3 1 4 2 5
