100
88
72
65
93
77
68
63
50
90
64
91
49
46
44
96
37
31
62
20
