954804718
385989482
948741792
268211139
100694402
492858064
955116743
68100851
154525400
479209143
