932678664
1438640644
2316123397
2792432058
3364262702
3720648516
4447740026
4804125840
4919183689
4980232903
