Yes
abacaba
Yes
abacaba
Yes
abadabacaba
Yes
abacabadaba
No
No
