1000000000
1000000000
0
0
5000000000
4000000000
6000000000
3000000000
5000000000
3000000000
