18
19
37
29
8
24
18
25
46
10
18
42
23
4
17
8
24
7
25
16
