154873396
336592714
729645835
863725145
979314628
412958357
631457992
998236471
247789563
