NO
NO
YES
14 10 6 1
YES
5 6 10 15
YES
6 7 10 21
YES
2 10 33 55
YES
10 21 221 6
