DiscoPresentsDisc
overyChannelProgr
ammingContest2016
