1110011110
0011
0110001100101011
10
0000111
1111
000
